[2026-05-23T19:38:15.638Z] [INFO] [PrefabLoader] Editor.App.path = "E:\Cocos_Creator\Creator\Creator\3.8.7\resources\app.asar", version = "3.8.7"
[2026-05-23T19:38:15.642Z] [INFO] [PrefabLoader] Loaded 40 built-in prefab UUIDs from E:\Cocos_Creator\Creator\Creator\3.8.7\resources\resources\3d\engine\editor\assets\default_prefab
[2026-05-23T19:50:25.514Z] [INFO] [PrefabLoader] Editor.App.path = "E:\Cocos_Creator\Creator\Creator\3.8.7\resources\app.asar", version = "3.8.7"
[2026-05-23T19:50:25.519Z] [INFO] [PrefabLoader] Loaded 40 built-in prefab UUIDs from E:\Cocos_Creator\Creator\Creator\3.8.7\resources\resources\3d\engine\editor\assets\default_prefab
[2026-05-23T19:53:39.585Z] [INFO] [PrefabLoader] Editor.App.path = "E:\Cocos_Creator\Creator\Creator\3.8.7\resources\app.asar", version = "3.8.7"
[2026-05-23T19:53:39.590Z] [INFO] [PrefabLoader] Loaded 40 built-in prefab UUIDs from E:\Cocos_Creator\Creator\Creator\3.8.7\resources\resources\3d\engine\editor\assets\default_prefab
[2026-05-24T07:58:31.240Z] [INFO] [PrefabLoader] Editor.App.path = "E:\Cocos_Creator\Creator\Creator\3.8.7\resources\app.asar", version = "3.8.7"
[2026-05-24T07:58:31.596Z] [INFO] [PrefabLoader] Loaded 40 built-in prefab UUIDs from E:\Cocos_Creator\Creator\Creator\3.8.7\resources\resources\3d\engine\editor\assets\default_prefab
[2026-05-26T04:38:53.038Z] [INFO] [PrefabLoader] Editor.App.path = "E:\Cocos_Creator\Creator\Creator\3.8.7\resources\app.asar", version = "3.8.7"
[2026-05-26T04:38:53.268Z] [INFO] [PrefabLoader] Loaded 40 built-in prefab UUIDs from E:\Cocos_Creator\Creator\Creator\3.8.7\resources\resources\3d\engine\editor\assets\default_prefab
[2026-05-27T07:53:31.414Z] [INFO] [PrefabLoader] Editor.App.path = "E:\Cocos_Creator\Creator\Creator\3.8.7\resources\app.asar", version = "3.8.7"
[2026-05-27T07:53:31.420Z] [INFO] [PrefabLoader] Loaded 40 built-in prefab UUIDs from E:\Cocos_Creator\Creator\Creator\3.8.7\resources\resources\3d\engine\editor\assets\default_prefab
[2026-05-27T08:47:00.091Z] [WARN] [NodeTools] Unknown built-in type "UI", creating plain node
[2026-05-27T08:47:30.338Z] [INFO] [BuilderHandler] execute: action=build
[2026-05-27T08:47:30.352Z] [DEBUG] [ProjectContext] Resolved: 1280x720, is2D(viewMode)=false
[2026-05-27T08:47:30.846Z] [INFO] [PrefabFactory] Created Label from prefab 36008810-7ad3-47c0-8112-e30aee089e45 → b8KAE7NLRBRZ/uGNqohV13
[2026-05-27T08:47:30.868Z] [INFO] [Builder] [Canvas/CandyCrushMenu/TopBar/TitleText] Created Label via prefab factory → b8KAE7NLRBRZ/uGNqohV13
[2026-05-27T08:47:30.934Z] [INFO] [PrefabFactory] Created Label from prefab 36008810-7ad3-47c0-8112-e30aee089e45 → ed39z9XwVIk7mQKY/bXy2O
[2026-05-27T08:47:30.953Z] [INFO] [Builder] [Canvas/CandyCrushMenu/TopBar/SubTitle] Created Label via prefab factory → ed39z9XwVIk7mQKY/bXy2O
[2026-05-27T08:47:31.092Z] [INFO] [PrefabFactory] Created Label from prefab 36008810-7ad3-47c0-8112-e30aee089e45 → bcqkB8dnRPnZKfvvMyoK0S
[2026-05-27T08:47:31.110Z] [INFO] [Builder] [Canvas/CandyCrushMenu/DecoArea/CandyLeft] Created Label via prefab factory → bcqkB8dnRPnZKfvvMyoK0S
[2026-05-27T08:47:31.157Z] [INFO] [PrefabFactory] Created Label from prefab 36008810-7ad3-47c0-8112-e30aee089e45 → 46Bgi7tXFEEpz2WRjy44oR
[2026-05-27T08:47:31.173Z] [INFO] [Builder] [Canvas/CandyCrushMenu/DecoArea/CandyRight] Created Label via prefab factory → 46Bgi7tXFEEpz2WRjy44oR
[2026-05-27T08:47:31.225Z] [INFO] [PrefabFactory] Created Label from prefab 36008810-7ad3-47c0-8112-e30aee089e45 → 18jnX0RCFE+JWw7XpBtkc0
[2026-05-27T08:47:31.239Z] [INFO] [Builder] [Canvas/CandyCrushMenu/DecoArea/CandyCenter] Created Label via prefab factory → 18jnX0RCFE+JWw7XpBtkc0
[2026-05-27T08:47:31.296Z] [INFO] [PrefabFactory] Created Label from prefab 36008810-7ad3-47c0-8112-e30aee089e45 → 9ex/B2QsxN/qnDeqCiT1G/
[2026-05-27T08:47:31.316Z] [INFO] [Builder] [Canvas/CandyCrushMenu/DecoArea/CandyLeft2] Created Label via prefab factory → 9ex/B2QsxN/qnDeqCiT1G/
[2026-05-27T08:47:31.377Z] [INFO] [PrefabFactory] Created Label from prefab 36008810-7ad3-47c0-8112-e30aee089e45 → 86xgbM+/FOAqbck7/WflkH
[2026-05-27T08:47:31.387Z] [INFO] [Builder] [Canvas/CandyCrushMenu/DecoArea/CandyRight2] Created Label via prefab factory → 86xgbM+/FOAqbck7/WflkH
[2026-05-27T08:47:31.508Z] [INFO] [PrefabFactory] Created Button from prefab 90bdd2a9-2838-4888-b66c-e94c8b7a5169 → ede7oUE+NBTLfnulNPBjtT
[2026-05-27T08:47:31.528Z] [INFO] [Builder] [Canvas/CandyCrushMenu/PlayButton] Created Button via prefab factory → ede7oUE+NBTLfnulNPBjtT
[2026-05-27T08:47:31.576Z] [INFO] [PrefabFactory] Created Label from prefab 36008810-7ad3-47c0-8112-e30aee089e45 → ed96/CF1pIJpXYCCxWUZ/f
[2026-05-27T08:47:31.612Z] [INFO] [Builder] [Canvas/CandyCrushMenu/PlayButton/PlayLabel] Created Label via prefab factory → ed96/CF1pIJpXYCCxWUZ/f
[2026-05-27T08:47:31.894Z] [INFO] [PrefabFactory] Created Button from prefab 90bdd2a9-2838-4888-b66c-e94c8b7a5169 → e9qDpa3RJAG5gWblpPobMD
[2026-05-27T08:47:31.924Z] [INFO] [Builder] [Canvas/CandyCrushMenu/BottomBar/LivesButton] Created Button via prefab factory → e9qDpa3RJAG5gWblpPobMD
[2026-05-27T08:47:31.977Z] [INFO] [PrefabFactory] Created Label from prefab 36008810-7ad3-47c0-8112-e30aee089e45 → c8M8oGgAZBRKrcyImCeN7k
[2026-05-27T08:47:31.990Z] [INFO] [Builder] [Canvas/CandyCrushMenu/BottomBar/LivesButton/LivesLabel] Created Label via prefab factory → c8M8oGgAZBRKrcyImCeN7k
[2026-05-27T08:47:32.071Z] [INFO] [PrefabFactory] Created Button from prefab 90bdd2a9-2838-4888-b66c-e94c8b7a5169 → 5aj6mTnqNJNonotdO70zgp
[2026-05-27T08:47:32.097Z] [INFO] [Builder] [Canvas/CandyCrushMenu/BottomBar/LeaderboardButton] Created Button via prefab factory → 5aj6mTnqNJNonotdO70zgp
[2026-05-27T08:47:32.183Z] [INFO] [PrefabFactory] Created Label from prefab 36008810-7ad3-47c0-8112-e30aee089e45 → d6vjaSg/BIgLN1b3Y7zRA+
[2026-05-27T08:47:32.199Z] [INFO] [Builder] [Canvas/CandyCrushMenu/BottomBar/LeaderboardButton/LeaderLabel] Created Label via prefab factory → d6vjaSg/BIgLN1b3Y7zRA+
[2026-05-27T08:47:32.253Z] [INFO] [PrefabFactory] Created Button from prefab 90bdd2a9-2838-4888-b66c-e94c8b7a5169 → 093q5X4zdHxKEED+DoRVD1
[2026-05-27T08:47:32.269Z] [INFO] [Builder] [Canvas/CandyCrushMenu/BottomBar/SettingsButton] Created Button via prefab factory → 093q5X4zdHxKEED+DoRVD1
[2026-05-27T08:47:32.444Z] [INFO] [PrefabFactory] Created Label from prefab 36008810-7ad3-47c0-8112-e30aee089e45 → 29g8J8Z7FJ1rUje7tlILyf
[2026-05-27T08:47:32.492Z] [INFO] [Builder] [Canvas/CandyCrushMenu/BottomBar/SettingsButton/SettingsLabel] Created Label via prefab factory → 29g8J8Z7FJ1rUje7tlILyf
[2026-05-27T08:47:32.679Z] [INFO] [PrefabFactory] Created Label from prefab 36008810-7ad3-47c0-8112-e30aee089e45 → 6dVOdYu6FJPL6Csjxuft2e
[2026-05-27T08:47:32.777Z] [INFO] [Builder] [Canvas/CandyCrushMenu/LevelInfo/LevelText] Created Label via prefab factory → 6dVOdYu6FJPL6Csjxuft2e
[2026-05-29T07:48:58.734Z] [INFO] [PrefabLoader] Editor.App.path = "C:\ProgramData\cocos\editors\Creator\3.8.7\resources\app.asar", version = "3.8.7"
[2026-05-29T07:48:58.742Z] [INFO] [PrefabLoader] Loaded 40 built-in prefab UUIDs from C:\ProgramData\cocos\editors\Creator\3.8.7\resources\resources\3d\engine\editor\assets\default_prefab
[2026-05-29T10:13:41.774Z] [INFO] [PrefabLoader] Editor.App.path = "C:\ProgramData\cocos\editors\Creator\3.8.7\resources\app.asar", version = "3.8.7"
[2026-05-29T10:13:41.785Z] [INFO] [PrefabLoader] Loaded 40 built-in prefab UUIDs from C:\ProgramData\cocos\editors\Creator\3.8.7\resources\resources\3d\engine\editor\assets\default_prefab
[2026-06-01T07:50:50.762Z] [INFO] [PrefabLoader] Editor.App.path = "C:\ProgramData\cocos\editors\Creator\3.8.7\resources\app.asar", version = "3.8.7"
[2026-06-01T07:50:51.037Z] [INFO] [PrefabLoader] Loaded 40 built-in prefab UUIDs from C:\ProgramData\cocos\editors\Creator\3.8.7\resources\resources\3d\engine\editor\assets\default_prefab
[2026-06-01T07:51:55.407Z] [INFO] [PrefabLoader] Editor.App.path = "C:\ProgramData\cocos\editors\Creator\3.8.7\resources\app.asar", version = "3.8.7"
[2026-06-01T07:51:55.418Z] [INFO] [PrefabLoader] Loaded 40 built-in prefab UUIDs from C:\ProgramData\cocos\editors\Creator\3.8.7\resources\resources\3d\engine\editor\assets\default_prefab
[2026-06-08T10:41:32.848Z] [INFO] [PrefabLoader] Editor.App.path = "C:\ProgramData\cocos\editors\Creator\3.8.7\resources\app.asar", version = "3.8.7"
[2026-06-08T10:41:33.080Z] [INFO] [PrefabLoader] Loaded 40 built-in prefab UUIDs from C:\ProgramData\cocos\editors\Creator\3.8.7\resources\resources\3d\engine\editor\assets\default_prefab
[2026-06-10T04:40:44.556Z] [INFO] [PrefabLoader] Editor.App.path = "C:\ProgramData\cocos\editors\Creator\3.8.7\resources\app.asar", version = "3.8.7"
[2026-06-10T04:40:44.567Z] [INFO] [PrefabLoader] Loaded 40 built-in prefab UUIDs from C:\ProgramData\cocos\editors\Creator\3.8.7\resources\resources\3d\engine\editor\assets\default_prefab
[2026-06-10T08:47:21.148Z] [DEBUG] [ProjectContext] Resolved: 1080x1920, is2D(viewMode)=true
[2026-06-10T08:48:33.396Z] [DEBUG] [ProjectContext] Resolved: 1080x1920, is2D(viewMode)=true
[2026-06-10T08:54:54.157Z] [DEBUG] [ProjectContext] Resolved: 1080x1920, is2D(viewMode)=true
[2026-06-10T08:57:28.208Z] [DEBUG] [ProjectContext] Resolved: 1080x1920, is2D(viewMode)=true
[2026-06-10T08:58:29.412Z] [DEBUG] [ProjectContext] Resolved: 1080x1920, is2D(viewMode)=true
[2026-06-11T07:32:52.657Z] [INFO] [PrefabLoader] Editor.App.path = "C:\ProgramData\cocos\editors\Creator\3.8.7\resources\app.asar", version = "3.8.7"
[2026-06-11T07:32:52.662Z] [INFO] [PrefabLoader] Loaded 40 built-in prefab UUIDs from C:\ProgramData\cocos\editors\Creator\3.8.7\resources\resources\3d\engine\editor\assets\default_prefab
[2026-06-16T10:17:39.574Z] [INFO] [PrefabLoader] Editor.App.path = "C:\ProgramData\cocos\editors\Creator\3.8.7\resources\app.asar", version = "3.8.7"
[2026-06-16T10:17:39.794Z] [INFO] [PrefabLoader] Loaded 40 built-in prefab UUIDs from C:\ProgramData\cocos\editors\Creator\3.8.7\resources\resources\3d\engine\editor\assets\default_prefab
[2026-06-16T10:25:38.134Z] [INFO] [PrefabLoader] Editor.App.path = "C:\ProgramData\cocos\editors\Creator\3.8.7\resources\app.asar", version = "3.8.7"
[2026-06-16T10:25:38.141Z] [INFO] [PrefabLoader] Loaded 40 built-in prefab UUIDs from C:\ProgramData\cocos\editors\Creator\3.8.7\resources\resources\3d\engine\editor\assets\default_prefab
[2026-06-18T02:57:31.235Z] [INFO] [PrefabLoader] Editor.App.path = "C:\ProgramData\cocos\editors\Creator\3.8.7\resources\app.asar", version = "3.8.7"
[2026-06-18T02:57:31.241Z] [INFO] [PrefabLoader] Loaded 40 built-in prefab UUIDs from C:\ProgramData\cocos\editors\Creator\3.8.7\resources\resources\3d\engine\editor\assets\default_prefab
[2026-06-18T03:27:10.599Z] [INFO] [PrefabLoader] Editor.App.path = "C:\ProgramData\cocos\editors\Creator\3.8.7\resources\app.asar", version = "3.8.7"
[2026-06-18T03:27:10.607Z] [INFO] [PrefabLoader] Loaded 40 built-in prefab UUIDs from C:\ProgramData\cocos\editors\Creator\3.8.7\resources\resources\3d\engine\editor\assets\default_prefab
[2026-06-18T03:54:51.353Z] [INFO] [PrefabLoader] Editor.App.path = "C:\ProgramData\cocos\editors\Creator\3.8.7\resources\app.asar", version = "3.8.7"
[2026-06-18T03:54:51.360Z] [INFO] [PrefabLoader] Loaded 40 built-in prefab UUIDs from C:\ProgramData\cocos\editors\Creator\3.8.7\resources\resources\3d\engine\editor\assets\default_prefab
[2026-06-18T05:41:23.532Z] [INFO] [PrefabLoader] Editor.App.path = "C:\ProgramData\cocos\editors\Creator\3.8.7\resources\app.asar", version = "3.8.7"
[2026-06-18T05:41:23.537Z] [INFO] [PrefabLoader] Loaded 40 built-in prefab UUIDs from C:\ProgramData\cocos\editors\Creator\3.8.7\resources\resources\3d\engine\editor\assets\default_prefab
[2026-06-18T06:50:16.541Z] [INFO] [PrefabLoader] Editor.App.path = "C:\ProgramData\cocos\editors\Creator\3.8.7\resources\app.asar", version = "3.8.7"
[2026-06-18T06:50:16.550Z] [INFO] [PrefabLoader] Loaded 40 built-in prefab UUIDs from C:\ProgramData\cocos\editors\Creator\3.8.7\resources\resources\3d\engine\editor\assets\default_prefab
[2026-06-18T06:51:40.459Z] [INFO] [PrefabLoader] Editor.App.path = "C:\ProgramData\cocos\editors\Creator\3.8.7\resources\app.asar", version = "3.8.7"
[2026-06-18T06:51:40.464Z] [INFO] [PrefabLoader] Loaded 40 built-in prefab UUIDs from C:\ProgramData\cocos\editors\Creator\3.8.7\resources\resources\3d\engine\editor\assets\default_prefab
[2026-06-18T07:27:09.147Z] [INFO] [PrefabLoader] Editor.App.path = "C:\ProgramData\cocos\editors\Creator\3.8.7\resources\app.asar", version = "3.8.7"
[2026-06-18T07:27:09.154Z] [INFO] [PrefabLoader] Loaded 40 built-in prefab UUIDs from C:\ProgramData\cocos\editors\Creator\3.8.7\resources\resources\3d\engine\editor\assets\default_prefab
[2026-06-18T07:31:34.012Z] [INFO] [PrefabLoader] Editor.App.path = "C:\ProgramData\cocos\editors\Creator\3.8.7\resources\app.asar", version = "3.8.7"
[2026-06-18T07:31:34.021Z] [INFO] [PrefabLoader] Loaded 40 built-in prefab UUIDs from C:\ProgramData\cocos\editors\Creator\3.8.7\resources\resources\3d\engine\editor\assets\default_prefab
[2026-06-18T07:34:30.126Z] [INFO] [PrefabLoader] Editor.App.path = "C:\ProgramData\cocos\editors\Creator\3.8.7\resources\app.asar", version = "3.8.7"
[2026-06-18T07:34:30.132Z] [INFO] [PrefabLoader] Loaded 40 built-in prefab UUIDs from C:\ProgramData\cocos\editors\Creator\3.8.7\resources\resources\3d\engine\editor\assets\default_prefab
[2026-06-19T06:28:11.668Z] [INFO] [PrefabLoader] Editor.App.path = "C:\ProgramData\cocos\editors\Creator\3.8.7\resources\app.asar", version = "3.8.7"
[2026-06-19T06:28:11.675Z] [INFO] [PrefabLoader] Loaded 40 built-in prefab UUIDs from C:\ProgramData\cocos\editors\Creator\3.8.7\resources\resources\3d\engine\editor\assets\default_prefab
[2026-06-19T10:09:01.242Z] [INFO] [PrefabLoader] Editor.App.path = "C:\ProgramData\cocos\editors\Creator\3.8.7\resources\app.asar", version = "3.8.7"
[2026-06-19T10:09:01.252Z] [INFO] [PrefabLoader] Loaded 40 built-in prefab UUIDs from C:\ProgramData\cocos\editors\Creator\3.8.7\resources\resources\3d\engine\editor\assets\default_prefab
[2026-06-22T03:51:06.739Z] [INFO] [PrefabLoader] Editor.App.path = "C:\ProgramData\cocos\editors\Creator\3.8.7\resources\app.asar", version = "3.8.7"
[2026-06-22T03:51:06.747Z] [INFO] [PrefabLoader] Loaded 40 built-in prefab UUIDs from C:\ProgramData\cocos\editors\Creator\3.8.7\resources\resources\3d\engine\editor\assets\default_prefab
[2026-06-29T03:43:15.158Z] [INFO] [PrefabLoader] Editor.App.path = "C:\ProgramData\cocos\editors\Creator\3.8.7\resources\app.asar", version = "3.8.7"
[2026-06-29T03:43:15.166Z] [INFO] [PrefabLoader] Loaded 40 built-in prefab UUIDs from C:\ProgramData\cocos\editors\Creator\3.8.7\resources\resources\3d\engine\editor\assets\default_prefab
[2026-06-29T04:57:33.839Z] [INFO] [PrefabLoader] Editor.App.path = "C:\ProgramData\cocos\editors\Creator\3.8.7\resources\app.asar", version = "3.8.7"
[2026-06-29T04:57:33.852Z] [INFO] [PrefabLoader] Loaded 40 built-in prefab UUIDs from C:\ProgramData\cocos\editors\Creator\3.8.7\resources\resources\3d\engine\editor\assets\default_prefab
[2026-06-29T10:36:59.534Z] [INFO] [PrefabLoader] Editor.App.path = "C:\ProgramData\cocos\editors\Creator\3.8.7\resources\app.asar", version = "3.8.7"
[2026-06-29T10:36:59.543Z] [INFO] [PrefabLoader] Loaded 40 built-in prefab UUIDs from C:\ProgramData\cocos\editors\Creator\3.8.7\resources\resources\3d\engine\editor\assets\default_prefab
[2026-06-29T17:56:01.276Z] [INFO] [PrefabLoader] Editor.App.path = "C:\ProgramData\cocos\editors\Creator\3.8.7\resources\app.asar", version = "3.8.7"
[2026-06-29T17:56:01.556Z] [INFO] [PrefabLoader] Loaded 40 built-in prefab UUIDs from C:\ProgramData\cocos\editors\Creator\3.8.7\resources\resources\3d\engine\editor\assets\default_prefab
[2026-06-30T05:53:43.608Z] [INFO] [PrefabLoader] Editor.App.path = "C:\ProgramData\cocos\editors\Creator\3.8.7\resources\app.asar", version = "3.8.7"
[2026-06-30T05:53:43.620Z] [INFO] [PrefabLoader] Loaded 40 built-in prefab UUIDs from C:\ProgramData\cocos\editors\Creator\3.8.7\resources\resources\3d\engine\editor\assets\default_prefab
[2026-07-02T02:57:49.158Z] [INFO] [PrefabLoader] Editor.App.path = "C:\ProgramData\cocos\editors\Creator\3.8.7\resources\app.asar", version = "3.8.7"
[2026-07-02T02:57:49.166Z] [INFO] [PrefabLoader] Loaded 40 built-in prefab UUIDs from C:\ProgramData\cocos\editors\Creator\3.8.7\resources\resources\3d\engine\editor\assets\default_prefab
[2026-07-02T11:21:04.355Z] [INFO] [PrefabLoader] Editor.App.path = "C:\ProgramData\cocos\editors\Creator\3.8.7\resources\app.asar", version = "3.8.7"
[2026-07-02T11:21:04.379Z] [INFO] [PrefabLoader] Loaded 40 built-in prefab UUIDs from C:\ProgramData\cocos\editors\Creator\3.8.7\resources\resources\3d\engine\editor\assets\default_prefab
[2026-07-02T11:22:45.473Z] [INFO] [PrefabLoader] Editor.App.path = "C:\ProgramData\cocos\editors\Creator\3.8.7\resources\app.asar", version = "3.8.7"
[2026-07-02T11:22:45.687Z] [INFO] [PrefabLoader] Loaded 40 built-in prefab UUIDs from C:\ProgramData\cocos\editors\Creator\3.8.7\resources\resources\3d\engine\editor\assets\default_prefab
[2026-07-02T12:07:09.793Z] [INFO] [PrefabLoader] Editor.App.path = "C:\ProgramData\cocos\editors\Creator\3.8.7\resources\app.asar", version = "3.8.7"
[2026-07-02T12:07:09.799Z] [INFO] [PrefabLoader] Loaded 40 built-in prefab UUIDs from C:\ProgramData\cocos\editors\Creator\3.8.7\resources\resources\3d\engine\editor\assets\default_prefab
[2026-07-02T16:49:10.777Z] [INFO] [PrefabLoader] Editor.App.path = "C:\ProgramData\cocos\editors\Creator\3.8.7\resources\app.asar", version = "3.8.7"
[2026-07-02T16:49:11.010Z] [INFO] [PrefabLoader] Loaded 40 built-in prefab UUIDs from C:\ProgramData\cocos\editors\Creator\3.8.7\resources\resources\3d\engine\editor\assets\default_prefab
[2026-07-02T16:50:56.561Z] [INFO] [PrefabLoader] Editor.App.path = "C:\ProgramData\cocos\editors\Creator\3.8.7\resources\app.asar", version = "3.8.7"
[2026-07-02T16:50:56.566Z] [INFO] [PrefabLoader] Loaded 40 built-in prefab UUIDs from C:\ProgramData\cocos\editors\Creator\3.8.7\resources\resources\3d\engine\editor\assets\default_prefab
[2026-07-02T17:16:55.298Z] [INFO] [PrefabLoader] Editor.App.path = "C:\ProgramData\cocos\editors\Creator\3.8.7\resources\app.asar", version = "3.8.7"
[2026-07-02T17:16:55.304Z] [INFO] [PrefabLoader] Loaded 40 built-in prefab UUIDs from C:\ProgramData\cocos\editors\Creator\3.8.7\resources\resources\3d\engine\editor\assets\default_prefab
[2026-07-02T19:42:31.299Z] [INFO] [PrefabLoader] Editor.App.path = "C:\ProgramData\cocos\editors\Creator\3.8.7\resources\app.asar", version = "3.8.7"
[2026-07-02T19:42:31.306Z] [INFO] [PrefabLoader] Loaded 40 built-in prefab UUIDs from C:\ProgramData\cocos\editors\Creator\3.8.7\resources\resources\3d\engine\editor\assets\default_prefab
[2026-07-03T04:30:42.357Z] [INFO] [PrefabLoader] Editor.App.path = "C:\ProgramData\cocos\editors\Creator\3.8.7\resources\app.asar", version = "3.8.7"
[2026-07-03T04:30:42.364Z] [INFO] [PrefabLoader] Loaded 40 built-in prefab UUIDs from C:\ProgramData\cocos\editors\Creator\3.8.7\resources\resources\3d\engine\editor\assets\default_prefab
[2026-07-03T15:01:15.270Z] [INFO] [PrefabLoader] Editor.App.path = "C:\ProgramData\cocos\editors\Creator\3.8.7\resources\app.asar", version = "3.8.7"
[2026-07-03T15:01:15.499Z] [INFO] [PrefabLoader] Loaded 40 built-in prefab UUIDs from C:\ProgramData\cocos\editors\Creator\3.8.7\resources\resources\3d\engine\editor\assets\default_prefab
[2026-07-03T15:23:05.526Z] [INFO] [PrefabLoader] Editor.App.path = "C:\ProgramData\cocos\editors\Creator\3.8.7\resources\app.asar", version = "3.8.7"
[2026-07-03T15:23:05.530Z] [INFO] [PrefabLoader] Loaded 40 built-in prefab UUIDs from C:\ProgramData\cocos\editors\Creator\3.8.7\resources\resources\3d\engine\editor\assets\default_prefab
[2026-07-03T15:29:33.558Z] [INFO] [PrefabLoader] Editor.App.path = "C:\ProgramData\cocos\editors\Creator\3.8.7\resources\app.asar", version = "3.8.7"
[2026-07-03T15:29:33.567Z] [INFO] [PrefabLoader] Loaded 40 built-in prefab UUIDs from C:\ProgramData\cocos\editors\Creator\3.8.7\resources\resources\3d\engine\editor\assets\default_prefab
[2026-07-03T18:44:32.573Z] [INFO] [PrefabLoader] Editor.App.path = "C:\ProgramData\cocos\editors\Creator\3.8.7\resources\app.asar", version = "3.8.7"
[2026-07-03T18:44:32.798Z] [INFO] [PrefabLoader] Loaded 40 built-in prefab UUIDs from C:\ProgramData\cocos\editors\Creator\3.8.7\resources\resources\3d\engine\editor\assets\default_prefab
[2026-07-04T11:34:27.186Z] [INFO] [PrefabLoader] Editor.App.path = "C:\ProgramData\cocos\editors\Creator\3.8.7\resources\app.asar", version = "3.8.7"
[2026-07-04T11:34:27.419Z] [INFO] [PrefabLoader] Loaded 40 built-in prefab UUIDs from C:\ProgramData\cocos\editors\Creator\3.8.7\resources\resources\3d\engine\editor\assets\default_prefab
[2026-07-05T01:44:36.541Z] [INFO] [PrefabLoader] Editor.App.path = "C:\ProgramData\cocos\editors\Creator\3.8.7\resources\app.asar", version = "3.8.7"
[2026-07-05T01:44:36.818Z] [INFO] [PrefabLoader] Loaded 40 built-in prefab UUIDs from C:\ProgramData\cocos\editors\Creator\3.8.7\resources\resources\3d\engine\editor\assets\default_prefab
[2026-07-05T03:17:09.176Z] [INFO] [PrefabLoader] Editor.App.path = "C:\ProgramData\cocos\editors\Creator\3.8.7\resources\app.asar", version = "3.8.7"
[2026-07-05T03:17:09.183Z] [INFO] [PrefabLoader] Loaded 40 built-in prefab UUIDs from C:\ProgramData\cocos\editors\Creator\3.8.7\resources\resources\3d\engine\editor\assets\default_prefab
[2026-07-05T04:24:43.380Z] [INFO] [PrefabLoader] Editor.App.path = "C:\ProgramData\cocos\editors\Creator\3.8.7\resources\app.asar", version = "3.8.7"
[2026-07-05T04:24:43.387Z] [INFO] [PrefabLoader] Loaded 40 built-in prefab UUIDs from C:\ProgramData\cocos\editors\Creator\3.8.7\resources\resources\3d\engine\editor\assets\default_prefab
[2026-07-05T12:22:58.482Z] [INFO] [PrefabLoader] Editor.App.path = "C:\ProgramData\cocos\editors\Creator\3.8.7\resources\app.asar", version = "3.8.7"
[2026-07-05T12:22:58.504Z] [INFO] [PrefabLoader] Loaded 40 built-in prefab UUIDs from C:\ProgramData\cocos\editors\Creator\3.8.7\resources\resources\3d\engine\editor\assets\default_prefab
[2026-07-05T16:00:27.171Z] [INFO] [PrefabLoader] Editor.App.path = "C:\ProgramData\cocos\editors\Creator\3.8.7\resources\app.asar", version = "3.8.7"
[2026-07-05T16:00:27.455Z] [INFO] [PrefabLoader] Loaded 40 built-in prefab UUIDs from C:\ProgramData\cocos\editors\Creator\3.8.7\resources\resources\3d\engine\editor\assets\default_prefab
[2026-07-05T16:13:05.436Z] [INFO] [PrefabLoader] Editor.App.path = "C:\ProgramData\cocos\editors\Creator\3.8.7\resources\app.asar", version = "3.8.7"
[2026-07-05T16:13:05.443Z] [INFO] [PrefabLoader] Loaded 40 built-in prefab UUIDs from C:\ProgramData\cocos\editors\Creator\3.8.7\resources\resources\3d\engine\editor\assets\default_prefab
[2026-07-06T05:17:21.208Z] [INFO] [PrefabLoader] Editor.App.path = "C:\ProgramData\cocos\editors\Creator\3.8.7\resources\app.asar", version = "3.8.7"
[2026-07-06T05:17:21.432Z] [INFO] [PrefabLoader] Loaded 40 built-in prefab UUIDs from C:\ProgramData\cocos\editors\Creator\3.8.7\resources\resources\3d\engine\editor\assets\default_prefab
[2026-07-07T03:01:20.999Z] [INFO] [PrefabLoader] Editor.App.path = "C:\ProgramData\cocos\editors\Creator\3.8.7\resources\app.asar", version = "3.8.7"
[2026-07-07T03:01:21.231Z] [INFO] [PrefabLoader] Loaded 40 built-in prefab UUIDs from C:\ProgramData\cocos\editors\Creator\3.8.7\resources\resources\3d\engine\editor\assets\default_prefab
[2026-07-24T15:30:16.546Z] [INFO] [PrefabLoader] Editor.App.path = "C:\ProgramData\cocos\editors\Creator\3.8.7\resources\app.asar", version = "3.8.7"
[2026-07-24T15:30:16.884Z] [INFO] [PrefabLoader] Loaded 40 built-in prefab UUIDs from C:\ProgramData\cocos\editors\Creator\3.8.7\resources\resources\3d\engine\editor\assets\default_prefab
[2026-08-03T08:54:24.674Z] [INFO] [PrefabLoader] Editor.App.path = "C:\ProgramData\cocos\editors\Creator\3.8.7\resources\app.asar", version = "3.8.7"
[2026-08-03T08:54:24.952Z] [INFO] [PrefabLoader] Loaded 40 built-in prefab UUIDs from C:\ProgramData\cocos\editors\Creator\3.8.7\resources\resources\3d\engine\editor\assets\default_prefab
