22:30:17.722 debug: 7/24/2026, 10:30:17 PM
22:30:17.723 debug: Project: D:\Tool\PlayableAdsLibrary
22:30:17.723 debug: Targets: editor,preview
22:30:17.734 debug: Incremental file seems great.
22:30:17.735 debug: Engine path: C:\ProgramData\cocos\editors\Creator\3.8.7\resources\resources\3d\engine
22:30:17.750 debug: Initializing target [Editor]
22:30:17.750 debug: Loading cache
22:30:17.763 debug: Loading cache costs 12.52440000000206ms.
22:30:17.763 debug: Engine features shipped in editor: base,gfx-webgl,gfx-webgl2,gfx-empty,gfx-webgpu,3d,animation,skeletal-animation,2d,rich-text,mask,graphics,ui-skew,ui,affine-transform,sorting-2d,particle,particle-2d,physics-framework,physics-cannon,physics-physx,physics-ammo,physics-builtin,physics-2d-framework,physics-2d-box2d-jsb,physics-2d-box2d,physics-2d-builtin,physics-2d-box2d-wasm,intersection-2d,primitive,profiler,occlusion-query,geometry-renderer,debug-renderer,audio,video,xr,light-probe,terrain,webview,tween,tiled-map,vendor-google,spine-3.8,spine-4.2,dragon-bones,marionette,procedural-animation,custom-pipeline,custom-pipeline-builtin-scripts,custom-pipeline-post-process,legacy-pipeline,websocket,websocket-server,meshopt
22:30:17.764 debug: Our import map(foo:/bar): {
  "imports": {
    "cc": "cce:/internal/x/cc"
  }
}
22:30:17.764 debug: Initializing target [Preview]
22:30:17.764 debug: Loading cache
22:30:17.779 debug: Loading cache costs 14.546999999998661ms.
22:30:17.779 debug: Our import map(foo:/bar): {
  "imports": {
    "cc": "cce:/internal/x/cc"
  }
}
22:30:59.160 debug: Sync engine features: 2d,3d,affine-transform,animation,audio,base,custom-pipeline,debug-renderer,dragon-bones,geometry-renderer,gfx-webgl2,graphics,intersection-2d,light-probe,marionette,mask,meshopt,occlusion-query,particle,particle-2d,physics-2d-box2d,physics-ammo,primitive,procedural-animation,profiler,rich-text,skeletal-animation,sorting-2d,spine-4.2,terrain,tiled-map,tween,ui,ui-skew,video,websocket,websocket-server,webview,xr
22:30:59.238 debug: Reset databases. Enumerated domains: [
  {
    "root": "db://internal/",
    "physical": "C:\\ProgramData\\cocos\\editors\\Creator\\3.8.7\\resources\\resources\\3d\\engine\\editor\\assets"
  },
  {
    "root": "db://assets/",
    "physical": "D:\\Tool\\PlayableAdsLibrary\\assets"
  },
  {
    "root": "db://scriptable-asset/",
    "physical": "D:\\Tool\\PlayableAdsLibrary\\extensions\\ScriptableAsset\\runtime\\assets",
    "jail": "D:\\Tool\\PlayableAdsLibrary\\extensions\\ScriptableAsset\\runtime\\assets"
  }
]
22:30:59.239 debug: Our import map(foo:/bar): {
  "imports": {
    "cc": "cce:/internal/x/cc",
    "db://internal/": "file:///C:/ProgramData/cocos/editors/Creator/3.8.7/resources/resources/3d/engine/editor/assets/",
    "db://assets/": "file:///D:/Tool/PlayableAdsLibrary/assets/",
    "db://scriptable-asset/": "file:///D:/Tool/PlayableAdsLibrary/extensions/ScriptableAsset/runtime/assets/"
  }
}
22:30:59.240 debug: Our import map(foo:/bar): {
  "imports": {
    "cc": "cce:/internal/x/cc",
    "db://internal/": "file:///C:/ProgramData/cocos/editors/Creator/3.8.7/resources/resources/3d/engine/editor/assets/",
    "db://assets/": "file:///D:/Tool/PlayableAdsLibrary/assets/",
    "db://scriptable-asset/": "file:///D:/Tool/PlayableAdsLibrary/extensions/ScriptableAsset/runtime/assets/"
  }
}
22:30:59.241 debug: Pulling asset-db.
22:30:59.254 debug: Fetch asset-db cost: 13.310200000007171ms.
22:30:59.256 debug: Build iteration starts.
Number of accumulated asset changes: 0
Feature changed: false
22:30:59.256 debug: Target(editor) build started.
22:30:59.261 debug: Detected change: cce:/internal/x/cc. Last mtime: Thu Jan 01 1970 08:01:15 GMT+0800 (Indochina Time), Current mtime: Thu Jan 01 1970 08:00:49 GMT+0800 (Indochina Time)
22:30:59.261 debug: Inspect cce:/internal/x/cc
22:30:59.345 debug: transform url: 'cce:/internal/x/cc' costs: 84.30 ms
22:30:59.347 debug: Resolve cce:/internal/x/cc-fu/base from cce:/internal/x/cc as external dependency cce:/internal/x/cc-fu/base.
22:30:59.347 debug: Resolve cce:/internal/x/cc-fu/gfx-webgl from cce:/internal/x/cc as external dependency cce:/internal/x/cc-fu/gfx-webgl.
22:30:59.347 debug: Resolve cce:/internal/x/cc-fu/gfx-webgl2 from cce:/internal/x/cc as external dependency cce:/internal/x/cc-fu/gfx-webgl2.
22:30:59.348 debug: Resolve cce:/internal/x/cc-fu/gfx-empty from cce:/internal/x/cc as external dependency cce:/internal/x/cc-fu/gfx-empty.
22:30:59.348 debug: Resolve cce:/internal/x/cc-fu/gfx-webgpu from cce:/internal/x/cc as external dependency cce:/internal/x/cc-fu/gfx-webgpu.
22:30:59.348 debug: Resolve cce:/internal/x/cc-fu/3d from cce:/internal/x/cc as external dependency cce:/internal/x/cc-fu/3d.
22:30:59.348 debug: Resolve cce:/internal/x/cc-fu/animation from cce:/internal/x/cc as external dependency cce:/internal/x/cc-fu/animation.
22:30:59.348 debug: Resolve cce:/internal/x/cc-fu/skeletal-animation from cce:/internal/x/cc as external dependency cce:/internal/x/cc-fu/skeletal-animation.
22:30:59.348 debug: Resolve cce:/internal/x/cc-fu/2d from cce:/internal/x/cc as external dependency cce:/internal/x/cc-fu/2d.
22:30:59.348 debug: Resolve cce:/internal/x/cc-fu/sorting from cce:/internal/x/cc as external dependency cce:/internal/x/cc-fu/sorting.
22:30:59.348 debug: Resolve cce:/internal/x/cc-fu/rich-text from cce:/internal/x/cc as external dependency cce:/internal/x/cc-fu/rich-text.
22:30:59.348 debug: Resolve cce:/internal/x/cc-fu/mask from cce:/internal/x/cc as external dependency cce:/internal/x/cc-fu/mask.
22:30:59.348 debug: Resolve cce:/internal/x/cc-fu/graphics from cce:/internal/x/cc as external dependency cce:/internal/x/cc-fu/graphics.
22:30:59.348 debug: Resolve cce:/internal/x/cc-fu/ui-skew from cce:/internal/x/cc as external dependency cce:/internal/x/cc-fu/ui-skew.
22:30:59.348 debug: Resolve cce:/internal/x/cc-fu/ui from cce:/internal/x/cc as external dependency cce:/internal/x/cc-fu/ui.
22:30:59.348 debug: Resolve cce:/internal/x/cc-fu/affine-transform from cce:/internal/x/cc as external dependency cce:/internal/x/cc-fu/affine-transform.
22:30:59.348 debug: Resolve cce:/internal/x/cc-fu/sorting-2d from cce:/internal/x/cc as external dependency cce:/internal/x/cc-fu/sorting-2d.
22:30:59.348 debug: Resolve cce:/internal/x/cc-fu/particle from cce:/internal/x/cc as external dependency cce:/internal/x/cc-fu/particle.
22:30:59.348 debug: Resolve cce:/internal/x/cc-fu/particle-2d from cce:/internal/x/cc as external dependency cce:/internal/x/cc-fu/particle-2d.
22:30:59.348 debug: Resolve cce:/internal/x/cc-fu/physics-framework from cce:/internal/x/cc as external dependency cce:/internal/x/cc-fu/physics-framework.
22:30:59.348 debug: Resolve cce:/internal/x/cc-fu/physics-cannon from cce:/internal/x/cc as external dependency cce:/internal/x/cc-fu/physics-cannon.
22:30:59.348 debug: Resolve cce:/internal/x/cc-fu/physics-physx from cce:/internal/x/cc as external dependency cce:/internal/x/cc-fu/physics-physx.
22:30:59.348 debug: Resolve cce:/internal/x/cc-fu/physics-ammo from cce:/internal/x/cc as external dependency cce:/internal/x/cc-fu/physics-ammo.
22:30:59.348 debug: Resolve cce:/internal/x/cc-fu/physics-builtin from cce:/internal/x/cc as external dependency cce:/internal/x/cc-fu/physics-builtin.
22:30:59.348 debug: Resolve cce:/internal/x/cc-fu/physics-2d-framework from cce:/internal/x/cc as external dependency cce:/internal/x/cc-fu/physics-2d-framework.
22:30:59.348 debug: Resolve cce:/internal/x/cc-fu/physics-2d-box2d-jsb from cce:/internal/x/cc as external dependency cce:/internal/x/cc-fu/physics-2d-box2d-jsb.
22:30:59.348 debug: Resolve cce:/internal/x/cc-fu/physics-2d-box2d from cce:/internal/x/cc as external dependency cce:/internal/x/cc-fu/physics-2d-box2d.
22:30:59.348 debug: Resolve cce:/internal/x/cc-fu/physics-2d-builtin from cce:/internal/x/cc as external dependency cce:/internal/x/cc-fu/physics-2d-builtin.
22:30:59.348 debug: Resolve cce:/internal/x/cc-fu/physics-2d-box2d-wasm from cce:/internal/x/cc as external dependency cce:/internal/x/cc-fu/physics-2d-box2d-wasm.
22:30:59.348 debug: Resolve cce:/internal/x/cc-fu/intersection-2d from cce:/internal/x/cc as external dependency cce:/internal/x/cc-fu/intersection-2d.
22:30:59.348 debug: Resolve cce:/internal/x/cc-fu/primitive from cce:/internal/x/cc as external dependency cce:/internal/x/cc-fu/primitive.
22:30:59.348 debug: Resolve cce:/internal/x/cc-fu/profiler from cce:/internal/x/cc as external dependency cce:/internal/x/cc-fu/profiler.
22:30:59.348 debug: Resolve cce:/internal/x/cc-fu/geometry-renderer from cce:/internal/x/cc as external dependency cce:/internal/x/cc-fu/geometry-renderer.
22:30:59.348 debug: Resolve cce:/internal/x/cc-fu/audio from cce:/internal/x/cc as external dependency cce:/internal/x/cc-fu/audio.
22:30:59.348 debug: Resolve cce:/internal/x/cc-fu/video from cce:/internal/x/cc as external dependency cce:/internal/x/cc-fu/video.
22:30:59.348 debug: Resolve cce:/internal/x/cc-fu/xr from cce:/internal/x/cc as external dependency cce:/internal/x/cc-fu/xr.
22:30:59.348 debug: Resolve cce:/internal/x/cc-fu/light-probe from cce:/internal/x/cc as external dependency cce:/internal/x/cc-fu/light-probe.
22:30:59.348 debug: Resolve cce:/internal/x/cc-fu/terrain from cce:/internal/x/cc as external dependency cce:/internal/x/cc-fu/terrain.
22:30:59.348 debug: Resolve cce:/internal/x/cc-fu/webview from cce:/internal/x/cc as external dependency cce:/internal/x/cc-fu/webview.
22:30:59.348 debug: Resolve cce:/internal/x/cc-fu/tween from cce:/internal/x/cc as external dependency cce:/internal/x/cc-fu/tween.
22:30:59.348 debug: Resolve cce:/internal/x/cc-fu/tiled-map from cce:/internal/x/cc as external dependency cce:/internal/x/cc-fu/tiled-map.
22:30:59.348 debug: Resolve cce:/internal/x/cc-fu/vendor-google from cce:/internal/x/cc as external dependency cce:/internal/x/cc-fu/vendor-google.
22:30:59.348 debug: Resolve cce:/internal/x/cc-fu/spine from cce:/internal/x/cc as external dependency cce:/internal/x/cc-fu/spine.
22:30:59.348 debug: Resolve cce:/internal/x/cc-fu/dragon-bones from cce:/internal/x/cc as external dependency cce:/internal/x/cc-fu/dragon-bones.
22:30:59.348 debug: Resolve cce:/internal/x/cc-fu/custom-pipeline from cce:/internal/x/cc as external dependency cce:/internal/x/cc-fu/custom-pipeline.
22:30:59.348 debug: Resolve cce:/internal/x/cc-fu/custom-pipeline-post-process from cce:/internal/x/cc as external dependency cce:/internal/x/cc-fu/custom-pipeline-post-process.
22:30:59.348 debug: Resolve cce:/internal/x/cc-fu/legacy-pipeline from cce:/internal/x/cc as external dependency cce:/internal/x/cc-fu/legacy-pipeline.
22:30:59.350 debug: Detected change: cce:/internal/x/prerequisite-imports. Last mtime: Thu Jan 01 1970 08:02:47 GMT+0800 (Indochina Time), Current mtime: Thu Jan 01 1970 08:00:49 GMT+0800 (Indochina Time)
22:30:59.350 debug: Inspect cce:/internal/x/prerequisite-imports
22:30:59.372 debug: transform url: 'cce:/internal/x/prerequisite-imports' costs: 22.20 ms
22:30:59.384 debug: Target(editor) ends with cost 127.46899999999732ms.
22:30:59.384 debug: Target(preview) build started.
22:30:59.390 debug: Detected change: cce:/internal/x/cc. Last mtime: Thu Jan 01 1970 08:01:15 GMT+0800 (Indochina Time), Current mtime: Thu Jan 01 1970 08:01:30 GMT+0800 (Indochina Time)
22:30:59.390 debug: Inspect cce:/internal/x/cc
22:30:59.438 debug: transform url: 'cce:/internal/x/cc' costs: 47.90 ms
22:30:59.441 debug: Resolve cce:/internal/x/cc-fu/2d from cce:/internal/x/cc as external dependency cce:/internal/x/cc-fu/2d.
22:30:59.441 debug: Resolve cce:/internal/x/cc-fu/sorting from cce:/internal/x/cc as external dependency cce:/internal/x/cc-fu/sorting.
22:30:59.441 debug: Resolve cce:/internal/x/cc-fu/3d from cce:/internal/x/cc as external dependency cce:/internal/x/cc-fu/3d.
22:30:59.441 debug: Resolve cce:/internal/x/cc-fu/affine-transform from cce:/internal/x/cc as external dependency cce:/internal/x/cc-fu/affine-transform.
22:30:59.441 debug: Resolve cce:/internal/x/cc-fu/animation from cce:/internal/x/cc as external dependency cce:/internal/x/cc-fu/animation.
22:30:59.441 debug: Resolve cce:/internal/x/cc-fu/audio from cce:/internal/x/cc as external dependency cce:/internal/x/cc-fu/audio.
22:30:59.441 debug: Resolve cce:/internal/x/cc-fu/base from cce:/internal/x/cc as external dependency cce:/internal/x/cc-fu/base.
22:30:59.441 debug: Resolve cce:/internal/x/cc-fu/custom-pipeline from cce:/internal/x/cc as external dependency cce:/internal/x/cc-fu/custom-pipeline.
22:30:59.441 debug: Resolve cce:/internal/x/cc-fu/dragon-bones from cce:/internal/x/cc as external dependency cce:/internal/x/cc-fu/dragon-bones.
22:30:59.441 debug: Resolve cce:/internal/x/cc-fu/geometry-renderer from cce:/internal/x/cc as external dependency cce:/internal/x/cc-fu/geometry-renderer.
22:30:59.441 debug: Resolve cce:/internal/x/cc-fu/gfx-webgl2 from cce:/internal/x/cc as external dependency cce:/internal/x/cc-fu/gfx-webgl2.
22:30:59.441 debug: Resolve cce:/internal/x/cc-fu/graphics from cce:/internal/x/cc as external dependency cce:/internal/x/cc-fu/graphics.
22:30:59.441 debug: Resolve cce:/internal/x/cc-fu/intersection-2d from cce:/internal/x/cc as external dependency cce:/internal/x/cc-fu/intersection-2d.
22:30:59.441 debug: Resolve cce:/internal/x/cc-fu/light-probe from cce:/internal/x/cc as external dependency cce:/internal/x/cc-fu/light-probe.
22:30:59.441 debug: Resolve cce:/internal/x/cc-fu/mask from cce:/internal/x/cc as external dependency cce:/internal/x/cc-fu/mask.
22:30:59.441 debug: Resolve cce:/internal/x/cc-fu/particle from cce:/internal/x/cc as external dependency cce:/internal/x/cc-fu/particle.
22:30:59.441 debug: Resolve cce:/internal/x/cc-fu/particle-2d from cce:/internal/x/cc as external dependency cce:/internal/x/cc-fu/particle-2d.
22:30:59.441 debug: Resolve cce:/internal/x/cc-fu/physics-2d-box2d from cce:/internal/x/cc as external dependency cce:/internal/x/cc-fu/physics-2d-box2d.
22:30:59.441 debug: Resolve cce:/internal/x/cc-fu/physics-2d-framework from cce:/internal/x/cc as external dependency cce:/internal/x/cc-fu/physics-2d-framework.
22:30:59.442 debug: Resolve cce:/internal/x/cc-fu/physics-ammo from cce:/internal/x/cc as external dependency cce:/internal/x/cc-fu/physics-ammo.
22:30:59.442 debug: Resolve cce:/internal/x/cc-fu/physics-framework from cce:/internal/x/cc as external dependency cce:/internal/x/cc-fu/physics-framework.
22:30:59.442 debug: Resolve cce:/internal/x/cc-fu/primitive from cce:/internal/x/cc as external dependency cce:/internal/x/cc-fu/primitive.
22:30:59.442 debug: Resolve cce:/internal/x/cc-fu/profiler from cce:/internal/x/cc as external dependency cce:/internal/x/cc-fu/profiler.
22:30:59.442 debug: Resolve cce:/internal/x/cc-fu/rich-text from cce:/internal/x/cc as external dependency cce:/internal/x/cc-fu/rich-text.
22:30:59.442 debug: Resolve cce:/internal/x/cc-fu/skeletal-animation from cce:/internal/x/cc as external dependency cce:/internal/x/cc-fu/skeletal-animation.
22:30:59.442 debug: Resolve cce:/internal/x/cc-fu/sorting-2d from cce:/internal/x/cc as external dependency cce:/internal/x/cc-fu/sorting-2d.
22:30:59.442 debug: Resolve cce:/internal/x/cc-fu/spine from cce:/internal/x/cc as external dependency cce:/internal/x/cc-fu/spine.
22:30:59.442 debug: Resolve cce:/internal/x/cc-fu/terrain from cce:/internal/x/cc as external dependency cce:/internal/x/cc-fu/terrain.
22:30:59.442 debug: Resolve cce:/internal/x/cc-fu/tiled-map from cce:/internal/x/cc as external dependency cce:/internal/x/cc-fu/tiled-map.
22:30:59.442 debug: Resolve cce:/internal/x/cc-fu/tween from cce:/internal/x/cc as external dependency cce:/internal/x/cc-fu/tween.
22:30:59.442 debug: Resolve cce:/internal/x/cc-fu/ui from cce:/internal/x/cc as external dependency cce:/internal/x/cc-fu/ui.
22:30:59.443 debug: Resolve cce:/internal/x/cc-fu/ui-skew from cce:/internal/x/cc as external dependency cce:/internal/x/cc-fu/ui-skew.
22:30:59.443 debug: Resolve cce:/internal/x/cc-fu/video from cce:/internal/x/cc as external dependency cce:/internal/x/cc-fu/video.
22:30:59.443 debug: Resolve cce:/internal/x/cc-fu/webview from cce:/internal/x/cc as external dependency cce:/internal/x/cc-fu/webview.
22:30:59.443 debug: Resolve cce:/internal/x/cc-fu/xr from cce:/internal/x/cc as external dependency cce:/internal/x/cc-fu/xr.
22:30:59.443 debug: Detected change: cce:/internal/x/prerequisite-imports. Last mtime: Thu Jan 01 1970 08:02:47 GMT+0800 (Indochina Time), Current mtime: Thu Jan 01 1970 08:00:49 GMT+0800 (Indochina Time)
22:30:59.443 debug: Inspect cce:/internal/x/prerequisite-imports
22:30:59.460 debug: transform url: 'cce:/internal/x/prerequisite-imports' costs: 16.60 ms
22:30:59.474 debug: Target(preview) ends with cost 89.54140000000189ms.
22:31:35.610 debug: Pulling asset-db.
22:31:51.904 debug: Fetch asset-db cost: 16293.790200000003ms.
22:31:51.906 debug: Build iteration starts.
Number of accumulated asset changes: 9
Feature changed: false
22:31:51.906 debug: Target(editor) build started.
22:31:51.909 debug: Detected change: cce:/internal/x/prerequisite-imports. Last mtime: Thu Jan 01 1970 08:00:49 GMT+0800 (Indochina Time), Current mtime: Thu Jan 01 1970 08:02:23 GMT+0800 (Indochina Time)
22:31:51.909 debug: Inspect cce:/internal/x/prerequisite-imports
22:31:51.944 debug: transform url: 'cce:/internal/x/prerequisite-imports' costs: 34.60 ms
22:31:51.947 debug: Resolve file:///C:/ProgramData/cocos/editors/Creator/3.8.7/resources/resources/3d/engine/editor/assets/default_renderpipeline/builtin-dof-pass.ts from cce:/internal/x/prerequisite-imports as file:///C:/ProgramData/cocos/editors/Creator/3.8.7/resources/resources/3d/engine/editor/assets/default_renderpipeline/builtin-dof-pass.ts.
22:31:51.948 debug: Resolve file:///C:/ProgramData/cocos/editors/Creator/3.8.7/resources/resources/3d/engine/editor/assets/default_renderpipeline/builtin-pipeline-pass.ts from cce:/internal/x/prerequisite-imports as file:///C:/ProgramData/cocos/editors/Creator/3.8.7/resources/resources/3d/engine/editor/assets/default_renderpipeline/builtin-pipeline-pass.ts.
22:31:52.003 debug: Resolve file:///C:/ProgramData/cocos/editors/Creator/3.8.7/resources/resources/3d/engine/editor/assets/default_renderpipeline/builtin-pipeline-settings.ts from cce:/internal/x/prerequisite-imports as file:///C:/ProgramData/cocos/editors/Creator/3.8.7/resources/resources/3d/engine/editor/assets/default_renderpipeline/builtin-pipeline-settings.ts.
22:31:52.010 debug: Resolve file:///C:/ProgramData/cocos/editors/Creator/3.8.7/resources/resources/3d/engine/editor/assets/default_renderpipeline/builtin-pipeline-types.ts from cce:/internal/x/prerequisite-imports as file:///C:/ProgramData/cocos/editors/Creator/3.8.7/resources/resources/3d/engine/editor/assets/default_renderpipeline/builtin-pipeline-types.ts.
22:31:52.012 debug: Resolve file:///C:/ProgramData/cocos/editors/Creator/3.8.7/resources/resources/3d/engine/editor/assets/default_renderpipeline/builtin-pipeline.ts from cce:/internal/x/prerequisite-imports as file:///C:/ProgramData/cocos/editors/Creator/3.8.7/resources/resources/3d/engine/editor/assets/default_renderpipeline/builtin-pipeline.ts.
22:31:52.013 debug: Resolve file:///C:/ProgramData/cocos/editors/Creator/3.8.7/resources/resources/3d/engine/editor/assets/tools/debug-view-runtime-control.ts from cce:/internal/x/prerequisite-imports as file:///C:/ProgramData/cocos/editors/Creator/3.8.7/resources/resources/3d/engine/editor/assets/tools/debug-view-runtime-control.ts.
22:31:52.014 debug: Resolve file:///D:/Tool/PlayableAdsLibrary/assets/library-extension/_VFX/UniversalCartoon/scripts/ChangeFx.ts.ts from cce:/internal/x/prerequisite-imports as file:///D:/Tool/PlayableAdsLibrary/assets/library-extension/_VFX/UniversalCartoon/scripts/ChangeFx.ts.ts.
22:31:52.014 debug: Resolve file:///D:/Tool/PlayableAdsLibrary/extensions/ScriptableAsset/runtime/assets/scriptable_runtime/index.ts from cce:/internal/x/prerequisite-imports as file:///D:/Tool/PlayableAdsLibrary/extensions/ScriptableAsset/runtime/assets/scriptable_runtime/index.ts.
22:31:52.015 debug: Detected change: cce:/internal/code-quality/cr.mjs. Last mtime: Tue Jul 07 2026 10:00:05 GMT+0700 (Indochina Time), Current mtime: Fri Jul 24 2026 22:29:28 GMT+0700 (Indochina Time)
22:31:52.015 debug: Inspect cce:/internal/code-quality/cr.mjs
22:31:52.031 debug: transform url: 'cce:/internal/code-quality/cr.mjs' costs: 15.60 ms
22:31:52.054 debug: Target(editor) ends with cost 147.52350000001024ms.
22:31:52.055 debug: Target(preview) build started.
22:31:52.057 debug: Detected change: cce:/internal/x/prerequisite-imports. Last mtime: Thu Jan 01 1970 08:00:49 GMT+0800 (Indochina Time), Current mtime: Thu Jan 01 1970 08:02:23 GMT+0800 (Indochina Time)
22:31:52.057 debug: Inspect cce:/internal/x/prerequisite-imports
22:31:52.076 debug: transform url: 'cce:/internal/x/prerequisite-imports' costs: 19.00 ms
22:31:52.078 debug: Resolve file:///C:/ProgramData/cocos/editors/Creator/3.8.7/resources/resources/3d/engine/editor/assets/default_renderpipeline/builtin-dof-pass.ts from cce:/internal/x/prerequisite-imports as file:///C:/ProgramData/cocos/editors/Creator/3.8.7/resources/resources/3d/engine/editor/assets/default_renderpipeline/builtin-dof-pass.ts.
22:31:52.079 debug: Resolve file:///C:/ProgramData/cocos/editors/Creator/3.8.7/resources/resources/3d/engine/editor/assets/default_renderpipeline/builtin-pipeline-pass.ts from cce:/internal/x/prerequisite-imports as file:///C:/ProgramData/cocos/editors/Creator/3.8.7/resources/resources/3d/engine/editor/assets/default_renderpipeline/builtin-pipeline-pass.ts.
22:31:52.081 debug: Resolve file:///C:/ProgramData/cocos/editors/Creator/3.8.7/resources/resources/3d/engine/editor/assets/default_renderpipeline/builtin-pipeline-settings.ts from cce:/internal/x/prerequisite-imports as file:///C:/ProgramData/cocos/editors/Creator/3.8.7/resources/resources/3d/engine/editor/assets/default_renderpipeline/builtin-pipeline-settings.ts.
22:31:52.082 debug: Resolve file:///C:/ProgramData/cocos/editors/Creator/3.8.7/resources/resources/3d/engine/editor/assets/default_renderpipeline/builtin-pipeline-types.ts from cce:/internal/x/prerequisite-imports as file:///C:/ProgramData/cocos/editors/Creator/3.8.7/resources/resources/3d/engine/editor/assets/default_renderpipeline/builtin-pipeline-types.ts.
22:31:52.084 debug: Resolve file:///C:/ProgramData/cocos/editors/Creator/3.8.7/resources/resources/3d/engine/editor/assets/default_renderpipeline/builtin-pipeline.ts from cce:/internal/x/prerequisite-imports as file:///C:/ProgramData/cocos/editors/Creator/3.8.7/resources/resources/3d/engine/editor/assets/default_renderpipeline/builtin-pipeline.ts.
22:31:52.084 debug: Resolve file:///C:/ProgramData/cocos/editors/Creator/3.8.7/resources/resources/3d/engine/editor/assets/tools/debug-view-runtime-control.ts from cce:/internal/x/prerequisite-imports as file:///C:/ProgramData/cocos/editors/Creator/3.8.7/resources/resources/3d/engine/editor/assets/tools/debug-view-runtime-control.ts.
22:31:52.085 debug: Resolve file:///D:/Tool/PlayableAdsLibrary/assets/library-extension/_VFX/UniversalCartoon/scripts/ChangeFx.ts.ts from cce:/internal/x/prerequisite-imports as file:///D:/Tool/PlayableAdsLibrary/assets/library-extension/_VFX/UniversalCartoon/scripts/ChangeFx.ts.ts.
22:31:52.085 debug: Resolve file:///D:/Tool/PlayableAdsLibrary/extensions/ScriptableAsset/runtime/assets/scriptable_runtime/index.ts from cce:/internal/x/prerequisite-imports as file:///D:/Tool/PlayableAdsLibrary/extensions/ScriptableAsset/runtime/assets/scriptable_runtime/index.ts.
22:31:52.086 debug: Detected change: cce:/internal/code-quality/cr.mjs. Last mtime: Tue Jul 07 2026 10:00:05 GMT+0700 (Indochina Time), Current mtime: Fri Jul 24 2026 22:29:28 GMT+0700 (Indochina Time)
22:31:52.086 debug: Inspect cce:/internal/code-quality/cr.mjs
22:31:52.106 debug: transform url: 'cce:/internal/code-quality/cr.mjs' costs: 20.00 ms
22:31:52.146 debug: Target(preview) ends with cost 91.51739999998244ms.
